0	data\wiki_00
1	data\wiki_01
2	data\wiki_02
3	data\wiki_03
4	data\wiki_04
5	data\wiki_05
6	data\wiki_06
7	data\wiki_07
8	data\wiki_08
9	data\wiki_09
10	data\wiki_10
11	data\wiki_11
12	data\wiki_12
13	data\wiki_13
14	data\wiki_14
15	data\wiki_15
16	data\wiki_16
17	data\wiki_17
18	data\wiki_18
19	data\wiki_19
20	data\wiki_20
21	data\wiki_21
22	data\wiki_22
23	data\wiki_23
24	data\wiki_24
25	data\wiki_25
26	data\wiki_26
27	data\wiki_27
28	data\wiki_28
29	data\wiki_29
30	data\wiki_30
31	data\wiki_31
32	data\wiki_32
33	data\wiki_33
34	data\wiki_34
35	data\wiki_35
36	data\wiki_36
37	data\wiki_37
38	data\wiki_38
39	data\wiki_39
40	data\wiki_40
41	data\wiki_41
42	data\wiki_42
43	data\wiki_43
44	data\wiki_44
45	data\wiki_45
46	data\wiki_46
47	data\wiki_47
48	data\wiki_48
49	data\wiki_49
50	data\wiki_50
51	data\wiki_51
52	data\wiki_52
53	data\wiki_53
54	data\wiki_54
55	data\wiki_55
56	data\wiki_56
57	data\wiki_57
58	data\wiki_58
59	data\wiki_59
60	data\wiki_60
61	data\wiki_61
62	data\wiki_62
63	data\wiki_63
64	data\wiki_64
65	data\wiki_65
66	data\wiki_66
67	data\wiki_67
68	data\wiki_68
69	data\wiki_69
70	data\wiki_70
71	data\wiki_71
72	data\wiki_72
73	data\wiki_73
74	data\wiki_74
75	data\wiki_75
76	data\wiki_76
77	data\wiki_77
78	data\wiki_78
79	data\wiki_79
80	data\wiki_80
81	data\wiki_81
82	data\wiki_82
83	data\wiki_83
84	data\wiki_84
85	data\wiki_85
86	data\wiki_86
87	data\wiki_87
88	data\wiki_88
89	data\wiki_89
90	data\wiki_90
91	data\wiki_91
92	data\wiki_92
93	data\wiki_93
94	data\wiki_94
95	data\wiki_95
96	data\wiki_96
97	data\wiki_97
98	data\wiki_98
99	data\wiki_99
